Setting up test environment...
Test environment setup complete
Running smoke tests...
Starting test execution...
Running command: C:\Program Files\Python312\python.exe -m pytest C:\Users\Devansh\Downloads\intern_application_round1\tests -v -m smoke --html C:\Users\Devansh\Downloads\intern_application_round1\test_reports\test_report_20250529_013200.html --self-contained-html --junit-xml C:\Users\Devansh\Downloads\intern_application_round1\test_reports\junit_report_20250529_013200.xml

================================================================================
TEST EXECUTION SUMMARY
================================================================================
Execution Time: 10.42 seconds
Total Tests: 6
Passed: 6
Failed: 0
Skipped: 130
Errors: 0
Success Rate: 100.0%
Overall Status: PASSED

Reports saved to: C:\Users\Devansh\Downloads\intern_application_round1\test_reports
   HTML: test_report_20250529_013200.html
   JUNIT: junit_report_20250529_013200.xml
   COVERAGE: coverage_report_20250529_013200.html
================================================================================
